// Jest Snapshot v1, https://goo.gl/fbAQLP

exports[`should match snapshot 1`] = `
<DocumentFragment>
  <div
    class="App"
  >
    <button>
      Todo List Creator
    </button>
    <button>
      Color Box Creator
    </button>
  </div>
</DocumentFragment>
`;
